src/components/dashboard/student/BookingHistory.tsx(90,27): error TS2345: Argument of type 'string | undefined' is not assignable to parameter of type 'string'.
  Type 'undefined' is not assignable to type 'string'.
src/components/dashboard/student/BookingHistory.tsx(159,24): error TS2345: Argument of type 'string | undefined' is not assignable to parameter of type 'string'.
  Type 'undefined' is not assignable to type 'string'.
src/components/dashboard/student/FavoriteTeachers.tsx(75,27): error TS2345: Argument of type 'string | undefined' is not assignable to parameter of type 'string'.
  Type 'undefined' is not assignable to type 'string'.
src/components/dashboard/student/FavoriteTeachers.tsx(99,22): error TS2345: Argument of type '{ profile: { full_name: string; avatar_url: string | null; region: string | null; } | undefined; teacherProfile: { subjects: string[] | null; hourly_rate: number | null; rating: number | null; is_verified: boolean | null; } | undefined; id: string; teacher_id: string; }[]' is not assignable to parameter of type 'SetStateAction<FavoriteTeacher[]>'.
  Type '{ profile: { full_name: string; avatar_url: string | null; region: string | null; } | undefined; teacherProfile: { subjects: string[] | null; hourly_rate: number | null; rating: number | null; is_verified: boolean | null; } | undefined; id: string; teacher_id: string; }[]' is not assignable to type 'FavoriteTeacher[]'.
    Type '{ profile: { full_name: string; avatar_url: string | null; region: string | null; } | undefined; teacherProfile: { subjects: string[] | null; hourly_rate: number | null; rating: number | null; is_verified: boolean | null; } | undefined; id: string; teacher_id: string; }' is not assignable to type 'FavoriteTeacher'.
      Types of property 'teacherProfile' are incompatible.
        Type '{ subjects: string[] | null; hourly_rate: number | null; rating: number | null; is_verified: boolean | null; } | undefined' is not assignable to type '{ subjects: string[]; hourly_rate: number; rating: number; is_verified: boolean; } | undefined'.
          Type '{ subjects: string[] | null; hourly_rate: number | null; rating: number | null; is_verified: boolean | null; }' is not assignable to type '{ subjects: string[]; hourly_rate: number; rating: number; is_verified: boolean; }'.
            Types of property 'subjects' are incompatible.
              Type 'string[] | null' is not assignable to type 'string[]'.
                Type 'null' is not assignable to type 'string[]'.
src/components/dashboard/student/PaymentTracking.tsx(89,25): error TS2345: Argument of type 'string | undefined' is not assignable to parameter of type 'string'.
  Type 'undefined' is not assignable to type 'string'.
src/components/dashboard/student/PaymentTracking.tsx(177,24): error TS2345: Argument of type 'string | undefined' is not assignable to parameter of type 'string'.
  Type 'undefined' is not assignable to type 'string'.
src/components/dashboard/student/StudentOverview.tsx(64,27): error TS2345: Argument of type 'string | undefined' is not assignable to parameter of type 'string'.
  Type 'undefined' is not assignable to type 'string'.
src/components/dashboard/student/StudentOverview.tsx(89,27): error TS2345: Argument of type 'string | undefined' is not assignable to parameter of type 'string'.
  Type 'undefined' is not assignable to type 'string'.
src/components/dashboard/student/StudentOverview.tsx(94,27): error TS2345: Argument of type 'string | undefined' is not assignable to parameter of type 'string'.
  Type 'undefined' is not assignable to type 'string'.
src/components/dashboard/student/StudentOverview.tsx(101,25): error TS2345: Argument of type 'string | undefined' is not assignable to parameter of type 'string'.
  Type 'undefined' is not assignable to type 'string'.
src/components/dashboard/student/StudentOverview.tsx(109,27): error TS2345: Argument of type 'string | undefined' is not assignable to parameter of type 'string'.
  Type 'undefined' is not assignable to type 'string'.
src/components/dashboard/teacher/AvailabilityManager.tsx(86,24): error TS2345: Argument of type 'string | undefined' is not assignable to parameter of type 'string'.
  Type 'undefined' is not assignable to type 'string'.
src/components/dashboard/teacher/AvailabilityManager.tsx(105,24): error TS2345: Argument of type 'string | undefined' is not assignable to parameter of type 'string'.
  Type 'undefined' is not assignable to type 'string'.
src/components/dashboard/teacher/SessionManagement.tsx(92,27): error TS2345: Argument of type 'string | undefined' is not assignable to parameter of type 'string'.
  Type 'undefined' is not assignable to type 'string'.
src/components/dashboard/teacher/SessionManagement.tsx(196,24): error TS2345: Argument of type 'string | undefined' is not assignable to parameter of type 'string'.
  Type 'undefined' is not assignable to type 'string'.
src/components/dashboard/teacher/StudentList.tsx(93,27): error TS2345: Argument of type 'string | undefined' is not assignable to parameter of type 'string'.
  Type 'undefined' is not assignable to type 'string'.
src/components/dashboard/teacher/StudentList.tsx(155,27): error TS2345: Argument of type 'string | undefined' is not assignable to parameter of type 'string'.
  Type 'undefined' is not assignable to type 'string'.
src/components/dashboard/teacher/StudentList.tsx(307,17): error TS2322: Type '{ partnerId: string; partnerName: string; partnerAvatar: string; }' is not assignable to type 'IntrinsicAttributes & ChatWindowProps'.
  Property 'partnerId' does not exist on type 'IntrinsicAttributes & ChatWindowProps'. Did you mean 'partner'?
src/components/home/FeaturedTeachers.tsx(136,21): error TS2345: Argument of type '{ profile: { user_id: string; full_name: string; avatar_url: string | null; region: string | null; status: string | null; } | null; id: string; user_id: string; bio: string | null; subjects: string[] | null; ... 5 more ...; teaching_mode: string | null; }[]' is not assignable to parameter of type 'SetStateAction<TeacherWithProfile[]>'.
  Type '{ profile: { user_id: string; full_name: string; avatar_url: string | null; region: string | null; status: string | null; } | null; id: string; user_id: string; bio: string | null; subjects: string[] | null; ... 5 more ...; teaching_mode: string | null; }[]' is not assignable to type 'TeacherWithProfile[]'.
    Type '{ profile: { user_id: string; full_name: string; avatar_url: string | null; region: string | null; status: string | null; } | null; id: string; user_id: string; bio: string | null; subjects: string[] | null; ... 5 more ...; teaching_mode: string | null; }' is not assignable to type 'TeacherWithProfile'.
      Types of property 'subjects' are incompatible.
        Type 'string[] | null' is not assignable to type 'string[]'.
          Type 'null' is not assignable to type 'string[]'.
src/hooks/useEducationLevels.ts(21,17): error TS2769: No overload matches this call.
  Overload 1 of 2, '(relation: "subjects" | "sessions" | "video_sessions" | "profiles" | "admin_notifications" | "complaints" | "course_materials" | "favorite_teachers" | "messages" | "payments" | "reviews" | ... 8 more ... | "contact_messages"): PostgrestQueryBuilder<...>', gave the following error.
    Argument of type '"education_levels"' is not assignable to parameter of type '"subjects" | "sessions" | "video_sessions" | "profiles" | "admin_notifications" | "complaints" | "course_materials" | "favorite_teachers" | "messages" | "payments" | "reviews" | ... 8 more ... | "contact_messages"'.
  Overload 2 of 2, '(relation: never): PostgrestQueryBuilder<{ PostgrestVersion: "14.1"; }, { Tables: { admin_notifications: { Row: { created_at: string; id: string; is_read: boolean; message: string; related_entity_id: string | null; related_user_id: string | null; title: string; type: string; }; Insert: { ...; }; Update: { ...; }; Relationships: []; }; ... 18 more ...; contact_messages: { ...; }; }; Views: {}; Functions: { ...; }; Enums: { ...; }; CompositeTypes: { ...; }; }, never, never, never>', gave the following error.
    Argument of type '"education_levels"' is not assignable to parameter of type 'never'.
src/hooks/useEducationLevels.ts(27,19): error TS2352: Conversion of type '(SelectQueryError<"column 'name' does not exist on 'subjects'."> | SelectQueryError<"column 'name' does not exist on 'sessions'."> | ... 17 more ... | SelectQueryError<...>)[]' to type 'EducationLevel[]' may be a mistake because neither type sufficiently overlaps with the other. If this was intentional, convert the expression to 'unknown' first.
  Type 'SelectQueryError<"column 'name' does not exist on 'subjects'."> | SelectQueryError<"column 'name' does not exist on 'sessions'."> | ... 17 more ... | SelectQueryError<...>' is not comparable to type 'EducationLevel'.
    Type '{ error: true; } & String' is missing the following properties from type 'EducationLevel': id, name
src/hooks/useTeacherOnboarding.ts(38,27): error TS2345: Argument of type '{ onboarding_completed: boolean | null; verification_status: string | null; }' is not assignable to parameter of type 'SetStateAction<TeacherProfile | null>'.
  Type '{ onboarding_completed: boolean | null; verification_status: string | null; }' is not assignable to type 'TeacherProfile'.
    Types of property 'onboarding_completed' are incompatible.
      Type 'boolean | null' is not assignable to type 'boolean'.
        Type 'null' is not assignable to type 'boolean'.
src/hooks/useWebRTC.ts(178,18): error TS2353: Object literal may only specify known properties, and 'mediaSource' does not exist in type 'MediaTrackConstraints'.
src/hooks/useWithdrawalManagement.ts(204,11): error TS2561: Object literal may only specify known properties, but 'p_rejection_reason' does not exist in type '{ withdrawal_id: string; rejection_reason: string; }'. Did you mean to write 'rejection_reason'?
src/hooks/useWithdrawalManagement.ts(334,17): error TS2769: No overload matches this call.
  Overload 1 of 2, '(relation: "subjects" | "sessions" | "video_sessions" | "profiles" | "admin_notifications" | "complaints" | "course_materials" | "favorite_teachers" | "messages" | "payments" | "reviews" | ... 8 more ... | "contact_messages"): PostgrestQueryBuilder<...>', gave the following error.
    Argument of type '"teacher_withdrawals"' is not assignable to parameter of type '"subjects" | "sessions" | "video_sessions" | "profiles" | "admin_notifications" | "complaints" | "course_materials" | "favorite_teachers" | "messages" | "payments" | "reviews" | ... 8 more ... | "contact_messages"'.
  Overload 2 of 2, '(relation: never): PostgrestQueryBuilder<{ PostgrestVersion: "14.1"; }, { Tables: { admin_notifications: { Row: { created_at: string; id: string; is_read: boolean; message: string; related_entity_id: string | null; related_user_id: string | null; title: string; type: string; }; Insert: { ...; }; Update: { ...; }; Relationships: []; }; ... 18 more ...; contact_messages: { ...; }; }; Views: {}; Functions: { ...; }; Enums: { ...; }; CompositeTypes: { ...; }; }, never, never, never>', gave the following error.
    Argument of type '"teacher_withdrawals"' is not assignable to parameter of type 'never'.
src/pages/admin/AdminComplaints.tsx(116,21): error TS2345: Argument of type '{ reporter: { full_name: string; email: string; } | null; reported_user: { full_name: string; email: string; } | null; complaint_type: string; created_at: string; description: string; id: string; ... 6 more ...; updated_at: string; }[]' is not assignable to parameter of type 'SetStateAction<Complaint[]>'.
  Type '{ reporter: { full_name: string; email: string; } | null; reported_user: { full_name: string; email: string; } | null; complaint_type: string; created_at: string; description: string; id: string; ... 6 more ...; updated_at: string; }[]' is not assignable to type 'Complaint[]'.
    Type '{ reporter: { full_name: string; email: string; } | null; reported_user: { full_name: string; email: string; } | null; complaint_type: string; created_at: string; description: string; id: string; ... 6 more ...; updated_at: string; }' is not assignable to type 'Complaint'.
      Types of property 'reporter' are incompatible.
        Type '{ full_name: string; email: string; } | null' is not assignable to type '{ full_name: string; email: string; } | undefined'.
          Type 'null' is not assignable to type '{ full_name: string; email: string; } | undefined'.
src/pages/admin/AdminCourseMaterials.tsx(99,20): error TS2345: Argument of type '{ created_at: string; description: string | null; downloads: number | null; file_url: string | null; id: string; is_active: boolean | null; is_free: boolean | null; level: string | null; ... 7 more ...; uploaded_by: string | null; }[]' is not assignable to parameter of type 'SetStateAction<CourseMaterial[]>'.
  Type '{ created_at: string; description: string | null; downloads: number | null; file_url: string | null; id: string; is_active: boolean | null; is_free: boolean | null; level: string | null; ... 7 more ...; uploaded_by: string | null; }[]' is not assignable to type 'CourseMaterial[]'.
    Type '{ created_at: string; description: string | null; downloads: number | null; file_url: string | null; id: string; is_active: boolean | null; is_free: boolean | null; level: string | null; ... 7 more ...; uploaded_by: string | null; }' is not assignable to type 'CourseMaterial'.
      Types of property 'is_free' are incompatible.
        Type 'boolean | null' is not assignable to type 'boolean'.
          Type 'null' is not assignable to type 'boolean'.
src/pages/admin/AdminStudentsManagement.tsx(166,25): error TS2339: Property 'status' does not exist on type 'AdminStudent'.
src/pages/admin/AdminStudentsManagement.tsx(185,15): error TS2353: Object literal may only specify known properties, and 'title' does not exist in type 'ReactElement<any, string | JSXElementConstructor<any>> | Iterable<ReactNode> | ReactPortal | (() => ReactNode)'.
src/pages/admin/AdminStudentsManagement.tsx(188,15): error TS2353: Object literal may only specify known properties, and 'title' does not exist in type 'ReactElement<any, string | JSXElementConstructor<any>> | Iterable<ReactNode> | ReactPortal | (() => ReactNode)'.
src/pages/CourseMaterials.tsx(96,20): error TS2345: Argument of type '{ created_at: string; description: string | null; downloads: number | null; file_url: string | null; id: string; is_active: boolean | null; is_free: boolean | null; level: string | null; ... 7 more ...; uploaded_by: string | null; }[]' is not assignable to parameter of type 'SetStateAction<CourseMaterial[]>'.
  Type '{ created_at: string; description: string | null; downloads: number | null; file_url: string | null; id: string; is_active: boolean | null; is_free: boolean | null; level: string | null; ... 7 more ...; uploaded_by: string | null; }[]' is not assignable to type 'CourseMaterial[]'.
    Type '{ created_at: string; description: string | null; downloads: number | null; file_url: string | null; id: string; is_active: boolean | null; is_free: boolean | null; level: string | null; ... 7 more ...; uploaded_by: string | null; }' is not assignable to type 'CourseMaterial'.
      Types of property 'downloads' are incompatible.
        Type 'number | null' is not assignable to type 'number'.
          Type 'null' is not assignable to type 'number'.
src/pages/dashboard/TeacherSettings.tsx(136,13): error TS2345: Argument of type '() => (() => Promise<"ok" | "timed out" | "error">) | undefined' is not assignable to parameter of type 'EffectCallback'.
  Type '(() => Promise<"ok" | "timed out" | "error">) | undefined' is not assignable to type 'void | Destructor'.
    Type '() => Promise<"ok" | "timed out" | "error">' is not assignable to type 'void | Destructor'.
      Type '() => Promise<"ok" | "timed out" | "error">' is not assignable to type 'Destructor'.
        Type 'Promise<"ok" | "timed out" | "error">' is not assignable to type 'void | { [UNDEFINED_VOID_ONLY]: never; }'.
src/pages/TeacherSearch.tsx(146,17): error TS2769: No overload matches this call.
  Overload 1 of 2, '(relation: "subjects" | "sessions" | "video_sessions" | "profiles" | "admin_notifications" | "complaints" | "course_materials" | "favorite_teachers" | "messages" | "payments" | "reviews" | ... 8 more ... | "contact_messages"): PostgrestQueryBuilder<...>', gave the following error.
    Argument of type '"teacher_education_levels"' is not assignable to parameter of type '"subjects" | "sessions" | "video_sessions" | "profiles" | "admin_notifications" | "complaints" | "course_materials" | "favorite_teachers" | "messages" | "payments" | "reviews" | ... 8 more ... | "contact_messages"'.
  Overload 2 of 2, '(relation: never): PostgrestQueryBuilder<{ PostgrestVersion: "14.1"; }, { Tables: { admin_notifications: { Row: { created_at: string; id: string; is_read: boolean; message: string; related_entity_id: string | null; related_user_id: string | null; title: string; type: string; }; Insert: { ...; }; Update: { ...; }; Relationships: []; }; ... 18 more ...; contact_messages: { ...; }; }; Views: {}; Functions: { ...; }; Enums: { ...; }; CompositeTypes: { ...; }; }, never, never, never>', gave the following error.
    Argument of type '"teacher_education_levels"' is not assignable to parameter of type 'never'.
src/pages/TeacherSearch.tsx(159,19): error TS2769: No overload matches this call.
  Overload 1 of 2, '(relation: "subjects" | "sessions" | "video_sessions" | "profiles" | "admin_notifications" | "complaints" | "course_materials" | "favorite_teachers" | "messages" | "payments" | "reviews" | ... 8 more ... | "contact_messages"): PostgrestQueryBuilder<...>', gave the following error.
    Argument of type '"education_levels"' is not assignable to parameter of type '"subjects" | "sessions" | "video_sessions" | "profiles" | "admin_notifications" | "complaints" | "course_materials" | "favorite_teachers" | "messages" | "payments" | "reviews" | ... 8 more ... | "contact_messages"'.
  Overload 2 of 2, '(relation: never): PostgrestQueryBuilder<{ PostgrestVersion: "14.1"; }, { Tables: { admin_notifications: { Row: { created_at: string; id: string; is_read: boolean; message: string; related_entity_id: string | null; related_user_id: string | null; title: string; type: string; }; Insert: { ...; }; Update: { ...; }; Relationships: []; }; ... 18 more ...; contact_messages: { ...; }; }; Views: {}; Functions: { ...; }; Enums: { ...; }; CompositeTypes: { ...; }; }, never, never, never>', gave the following error.
    Argument of type '"education_levels"' is not assignable to parameter of type 'never'.
src/pages/TeacherSearch.tsx(183,19): error TS2304: Cannot find name 'teachersWithLevels'.
